[2026-02-19 06:12:57,406] DEBUG: [DephyActuator] Entering Voltage control mode.
[2026-02-19 06:12:57,406] DEBUG: [DephyActuator]  Exiting Voltage control mode.
[2026-02-19 06:12:57,507] DEBUG: [DephyActuator]  Entering Position control mode.
[2026-02-19 06:12:57,512] DEBUG: Started tracking variable: Output Position
[2026-02-19 06:12:57,512] DEBUG: Started tracking variable: Command Position
[2026-02-19 06:12:57,512] DEBUG: Started tracking variable: Time
[2026-02-19 06:12:57,512] INFO: Time: 0.000; Command: 0.00; Output: 0.00
[2026-02-19 06:12:57,513] INFO: Time: 0.001; Command: 0.00; Output: 0.00
[2026-02-19 06:12:57,514] INFO: Time: 0.002; Command: 0.00; Output: 0.00
[2026-02-19 06:12:57,515] INFO: Time: 0.003; Command: 0.00; Output: 0.00
[2026-02-19 06:12:57,517] INFO: Time: 0.004; Command: 0.00; Output: 0.00
[2026-02-19 06:12:57,518] INFO: Time: 0.005; Command: 0.00; Output: 0.00
[2026-02-19 06:12:57,519] INFO: Time: 0.006; Command: 0.00; Output: 0.00
[2026-02-19 06:12:57,520] INFO: Time: 0.007; Command: 0.00; Output: 0.00
[2026-02-19 06:12:57,521] INFO: Time: 0.008; Command: 0.00; Output: 0.00
[2026-02-19 06:12:57,522] INFO: Time: 0.010; Command: 0.00; Output: 0.00
[2026-02-19 06:12:57,523] INFO: Time: 0.011; Command: 0.00; Output: 0.00
[2026-02-19 06:12:57,524] INFO: Time: 0.012; Command: 0.00; Output: 0.00
[2026-02-19 06:12:57,525] INFO: Time: 0.013; Command: 0.00; Output: 0.00
[2026-02-19 06:12:57,526] INFO: Time: 0.014; Command: 0.00; Output: 0.00
[2026-02-19 06:12:57,527] INFO: Time: 0.015; Command: 0.00; Output: 0.00
[2026-02-19 06:12:57,528] INFO: Time: 0.016; Command: 0.00; Output: 0.00
[2026-02-19 06:12:57,529] INFO: Time: 0.017; Command: 0.00; Output: 0.00
[2026-02-19 06:12:57,530] INFO: Time: 0.018; Command: 0.00; Output: 0.00
[2026-02-19 06:12:57,531] INFO: Time: 0.019; Command: 0.00; Output: 0.00
[2026-02-19 06:12:57,532] INFO: Time: 0.020; Command: 0.00; Output: 0.00
[2026-02-19 06:12:57,533] INFO: Time: 0.021; Command: 0.00; Output: 0.00
[2026-02-19 06:12:57,535] INFO: Time: 0.022; Command: 0.00; Output: 0.00
[2026-02-19 06:12:57,536] INFO: Time: 0.023; Command: 0.00; Output: 0.00
[2026-02-19 06:12:57,537] INFO: Time: 0.024; Command: 0.00; Output: 0.00
[2026-02-19 06:12:57,538] INFO: Time: 0.025; Command: 0.00; Output: 0.00
[2026-02-19 06:12:57,539] INFO: Time: 0.026; Command: 0.00; Output: 0.00
[2026-02-19 06:12:57,540] INFO: Time: 0.028; Command: 0.00; Output: 0.00
[2026-02-19 06:12:57,541] INFO: Time: 0.029; Command: 0.00; Output: 0.00
[2026-02-19 06:12:57,542] INFO: Time: 0.030; Command: 0.00; Output: 0.00
[2026-02-19 06:12:57,543] INFO: Time: 0.031; Command: 0.00; Output: 0.00
[2026-02-19 06:12:57,544] INFO: Time: 0.032; Command: 0.00; Output: 0.00
[2026-02-19 06:12:57,545] INFO: Time: 0.033; Command: 0.00; Output: 0.00
[2026-02-19 06:12:57,546] INFO: Time: 0.034; Command: 0.00; Output: 0.00
[2026-02-19 06:12:57,547] INFO: Time: 0.035; Command: 0.00; Output: 0.00
[2026-02-19 06:12:57,548] INFO: Time: 0.036; Command: 0.00; Output: 0.00
[2026-02-19 06:12:57,549] INFO: Time: 0.037; Command: 0.00; Output: 0.00
[2026-02-19 06:12:57,550] INFO: Time: 0.038; Command: 0.00; Output: 0.00
[2026-02-19 06:12:57,551] INFO: Time: 0.039; Command: 0.00; Output: 0.00
[2026-02-19 06:12:57,553] INFO: Time: 0.040; Command: 0.00; Output: 0.00
[2026-02-19 06:12:57,554] INFO: Time: 0.041; Command: 0.00; Output: 0.00
[2026-02-19 06:12:57,555] INFO: Time: 0.042; Command: 0.00; Output: 0.00
[2026-02-19 06:12:57,556] INFO: Time: 0.043; Command: 0.00; Output: 0.00
[2026-02-19 06:12:57,557] INFO: Time: 0.044; Command: 0.00; Output: 0.00
[2026-02-19 06:12:57,558] INFO: Time: 0.046; Command: 0.00; Output: 0.00
[2026-02-19 06:12:57,559] INFO: Time: 0.047; Command: 0.00; Output: 0.00
[2026-02-19 06:12:57,560] INFO: Time: 0.048; Command: 0.00; Output: 0.00
[2026-02-19 06:12:57,561] INFO: Time: 0.049; Command: 0.00; Output: 0.00
[2026-02-19 06:12:57,562] INFO: Time: 0.050; Command: 0.00; Output: 0.00
[2026-02-19 06:12:57,563] INFO: Time: 0.051; Command: 0.00; Output: 0.00
[2026-02-19 06:12:57,564] INFO: Time: 0.052; Command: 0.00; Output: 0.00
[2026-02-19 06:12:57,565] INFO: Time: 0.053; Command: 0.00; Output: 0.00
[2026-02-19 06:12:57,566] INFO: Time: 0.054; Command: 0.00; Output: 0.00
[2026-02-19 06:12:57,567] INFO: Time: 0.055; Command: 0.00; Output: 0.00
[2026-02-19 06:12:57,568] INFO: Time: 0.056; Command: 0.00; Output: 0.00
[2026-02-19 06:12:57,569] INFO: Time: 0.057; Command: 0.00; Output: 0.00
[2026-02-19 06:12:57,571] INFO: Time: 0.058; Command: 0.00; Output: 0.00
[2026-02-19 06:12:57,572] INFO: Time: 0.059; Command: 0.00; Output: 0.00
[2026-02-19 06:12:57,573] INFO: Time: 0.060; Command: 0.00; Output: 0.00
[2026-02-19 06:12:57,574] INFO: Time: 0.061; Command: 0.00; Output: 0.00
[2026-02-19 06:12:57,575] INFO: Time: 0.062; Command: 0.00; Output: 0.00
[2026-02-19 06:12:57,576] INFO: Time: 0.064; Command: 0.00; Output: 0.00
[2026-02-19 06:12:57,577] INFO: Time: 0.065; Command: 0.00; Output: 0.00
[2026-02-19 06:12:57,578] INFO: Time: 0.066; Command: 0.00; Output: 0.00
[2026-02-19 06:12:57,579] INFO: Time: 0.067; Command: 0.00; Output: 0.00
[2026-02-19 06:12:57,580] INFO: Time: 0.068; Command: 0.00; Output: 0.00
[2026-02-19 06:12:57,581] INFO: Time: 0.069; Command: 0.00; Output: 0.00
[2026-02-19 06:12:57,582] INFO: Time: 0.070; Command: 0.00; Output: 0.00
[2026-02-19 06:12:57,583] INFO: Time: 0.071; Command: 0.00; Output: 0.00
[2026-02-19 06:12:57,584] INFO: Time: 0.072; Command: 0.00; Output: 0.00
[2026-02-19 06:12:57,585] INFO: Time: 0.073; Command: 0.00; Output: 0.00
[2026-02-19 06:12:57,586] INFO: Time: 0.074; Command: 0.00; Output: 0.00
[2026-02-19 06:12:57,587] INFO: Time: 0.075; Command: 0.00; Output: 0.00
[2026-02-19 06:12:57,589] INFO: Time: 0.076; Command: 0.00; Output: 0.00
[2026-02-19 06:12:57,590] INFO: Time: 0.077; Command: 0.00; Output: 0.00
[2026-02-19 06:12:57,591] INFO: Time: 0.078; Command: 0.00; Output: 0.00
[2026-02-19 06:12:57,592] INFO: Time: 0.079; Command: 0.00; Output: 0.00
[2026-02-19 06:12:57,593] INFO: Time: 0.080; Command: 0.00; Output: 0.00
[2026-02-19 06:12:57,594] INFO: Time: 0.082; Command: 0.00; Output: 0.00
[2026-02-19 06:12:57,595] INFO: Time: 0.083; Command: 0.00; Output: 0.00
[2026-02-19 06:12:57,596] INFO: Time: 0.084; Command: 0.00; Output: 0.00
[2026-02-19 06:12:57,597] INFO: Time: 0.085; Command: 0.00; Output: 0.00
[2026-02-19 06:12:57,598] INFO: Time: 0.086; Command: 0.00; Output: 0.00
[2026-02-19 06:12:57,599] INFO: Time: 0.087; Command: 0.00; Output: 0.00
[2026-02-19 06:12:57,600] INFO: Time: 0.088; Command: 0.00; Output: 0.00
[2026-02-19 06:12:57,601] INFO: Time: 0.089; Command: 0.00; Output: 0.00
[2026-02-19 06:12:57,602] INFO: Time: 0.090; Command: 0.00; Output: 0.00
[2026-02-19 06:12:57,603] INFO: Time: 0.091; Command: 0.00; Output: 0.00
[2026-02-19 06:12:57,604] INFO: Time: 0.092; Command: 0.00; Output: 0.00
[2026-02-19 06:12:57,605] INFO: Time: 0.093; Command: 0.00; Output: 0.00
[2026-02-19 06:12:57,607] INFO: Time: 0.094; Command: 0.00; Output: 0.00
[2026-02-19 06:12:57,608] INFO: Time: 0.095; Command: 0.00; Output: 0.00
[2026-02-19 06:12:57,609] INFO: Time: 0.096; Command: 0.00; Output: 0.00
[2026-02-19 06:12:57,610] INFO: Time: 0.097; Command: 0.00; Output: 0.00
[2026-02-19 06:12:57,611] INFO: Time: 0.098; Command: 0.00; Output: 0.00
[2026-02-19 06:12:57,612] INFO: Time: 0.100; Command: 0.00; Output: 0.00
[2026-02-19 06:12:57,613] INFO: Time: 0.101; Command: 0.00; Output: 0.00
[2026-02-19 06:12:57,614] INFO: Time: 0.102; Command: 0.00; Output: 0.00
[2026-02-19 06:12:57,615] INFO: Time: 0.103; Command: 0.00; Output: 0.00
[2026-02-19 06:12:57,616] INFO: Time: 0.104; Command: 0.00; Output: 0.00
[2026-02-19 06:12:57,617] INFO: Time: 0.105; Command: 0.00; Output: 0.00
[2026-02-19 06:12:57,618] INFO: Time: 0.106; Command: 0.00; Output: 0.00
[2026-02-19 06:12:57,619] INFO: Time: 0.107; Command: 0.00; Output: 0.00
[2026-02-19 06:12:57,620] INFO: Time: 0.108; Command: 0.00; Output: 0.00
[2026-02-19 06:12:57,621] INFO: Time: 0.109; Command: 0.00; Output: 0.00
[2026-02-19 06:12:57,622] INFO: Time: 0.110; Command: 0.00; Output: 0.00
[2026-02-19 06:12:57,623] INFO: Time: 0.111; Command: 0.00; Output: 0.00
[2026-02-19 06:12:57,625] INFO: Time: 0.112; Command: 0.00; Output: 0.00
[2026-02-19 06:12:57,626] INFO: Time: 0.113; Command: 0.00; Output: 0.00
[2026-02-19 06:12:57,627] INFO: Time: 0.114; Command: 0.00; Output: 0.00
[2026-02-19 06:12:57,628] INFO: Time: 0.115; Command: 0.00; Output: 0.00
[2026-02-19 06:12:57,629] INFO: Time: 0.116; Command: 0.00; Output: 0.00
[2026-02-19 06:12:57,630] INFO: Time: 0.118; Command: 0.00; Output: 0.00
[2026-02-19 06:12:57,631] INFO: Time: 0.119; Command: 0.00; Output: 0.00
[2026-02-19 06:12:57,632] INFO: Time: 0.120; Command: 0.00; Output: 0.00
[2026-02-19 06:12:57,633] INFO: Time: 0.121; Command: 0.00; Output: 0.00
[2026-02-19 06:12:57,634] INFO: Time: 0.122; Command: 0.00; Output: 0.00
[2026-02-19 06:12:57,635] INFO: Time: 0.123; Command: 0.00; Output: 0.00
[2026-02-19 06:12:57,636] INFO: Time: 0.124; Command: 0.00; Output: 0.00
[2026-02-19 06:12:57,637] INFO: Time: 0.125; Command: 0.00; Output: 0.00
[2026-02-19 06:12:57,638] INFO: Time: 0.126; Command: 0.00; Output: 0.00
[2026-02-19 06:12:57,639] INFO: Time: 0.127; Command: 0.00; Output: 0.00
[2026-02-19 06:12:57,640] INFO: Time: 0.128; Command: 0.00; Output: 0.00
[2026-02-19 06:12:57,641] INFO: Time: 0.129; Command: 0.00; Output: 0.00
[2026-02-19 06:12:57,643] INFO: Time: 0.130; Command: 0.00; Output: 0.00
[2026-02-19 06:12:57,644] INFO: Time: 0.131; Command: 0.00; Output: 0.00
[2026-02-19 06:12:57,645] INFO: Time: 0.132; Command: 0.00; Output: 0.00
[2026-02-19 06:12:57,646] INFO: Time: 0.133; Command: 0.00; Output: 0.00
[2026-02-19 06:12:57,647] INFO: Time: 0.134; Command: 0.00; Output: 0.00
[2026-02-19 06:12:57,648] INFO: Time: 0.136; Command: 0.00; Output: 0.00
[2026-02-19 06:12:57,649] INFO: Time: 0.137; Command: 0.00; Output: 0.00
[2026-02-19 06:12:57,650] INFO: Time: 0.138; Command: 0.00; Output: 0.00
[2026-02-19 06:12:57,651] INFO: Time: 0.139; Command: 0.00; Output: 0.00
[2026-02-19 06:12:57,652] INFO: Time: 0.140; Command: 0.00; Output: 0.00
[2026-02-19 06:12:57,653] INFO: Time: 0.141; Command: 0.00; Output: 0.00
[2026-02-19 06:12:57,654] INFO: Time: 0.142; Command: 0.00; Output: 0.00
[2026-02-19 06:12:57,655] INFO: Time: 0.143; Command: 0.00; Output: 0.00
[2026-02-19 06:12:57,656] INFO: Time: 0.144; Command: 0.00; Output: 0.00
[2026-02-19 06:12:57,657] INFO: Time: 0.145; Command: 0.00; Output: 0.00
[2026-02-19 06:12:57,658] INFO: Time: 0.146; Command: 0.00; Output: 0.00
[2026-02-19 06:12:57,659] INFO: Time: 0.147; Command: 0.00; Output: 0.00
[2026-02-19 06:12:57,661] INFO: Time: 0.148; Command: 0.00; Output: 0.00
[2026-02-19 06:12:57,662] INFO: Time: 0.149; Command: 0.00; Output: 0.00
[2026-02-19 06:12:57,663] INFO: Time: 0.150; Command: 0.00; Output: 0.00
[2026-02-19 06:12:57,664] INFO: Time: 0.151; Command: 0.00; Output: 0.00
[2026-02-19 06:12:57,665] INFO: Time: 0.152; Command: 0.00; Output: 0.00
[2026-02-19 06:12:57,666] INFO: Time: 0.154; Command: 0.00; Output: 0.00
[2026-02-19 06:12:57,667] INFO: Time: 0.155; Command: 0.00; Output: 0.00
[2026-02-19 06:12:57,668] INFO: Time: 0.156; Command: 0.00; Output: 0.00
[2026-02-19 06:12:57,669] INFO: Time: 0.157; Command: 0.00; Output: 0.00
[2026-02-19 06:12:57,670] INFO: Time: 0.158; Command: 0.00; Output: 0.00
[2026-02-19 06:12:57,671] INFO: Time: 0.159; Command: 0.00; Output: 0.00
[2026-02-19 06:12:57,672] INFO: Time: 0.160; Command: 0.00; Output: 0.00
[2026-02-19 06:12:57,673] INFO: Time: 0.161; Command: 0.00; Output: 0.00
[2026-02-19 06:12:57,674] INFO: Time: 0.162; Command: 0.00; Output: 0.00
[2026-02-19 06:12:57,675] INFO: Time: 0.163; Command: 0.00; Output: 0.00
[2026-02-19 06:12:57,676] INFO: Time: 0.164; Command: 0.00; Output: 0.00
[2026-02-19 06:12:57,678] INFO: Time: 0.165; Command: 0.00; Output: 0.00
[2026-02-19 06:12:57,679] INFO: Time: 0.166; Command: 0.00; Output: 0.00
[2026-02-19 06:12:57,680] INFO: Time: 0.167; Command: 0.00; Output: 0.00
[2026-02-19 06:12:57,681] INFO: Time: 0.168; Command: 0.00; Output: 0.00
[2026-02-19 06:12:57,682] INFO: Time: 0.169; Command: 0.00; Output: 0.00
[2026-02-19 06:12:57,683] INFO: Time: 0.171; Command: 0.00; Output: 0.00
[2026-02-19 06:12:57,684] INFO: Time: 0.172; Command: 0.00; Output: 0.00
[2026-02-19 06:12:57,685] INFO: Time: 0.173; Command: 0.00; Output: 0.00
[2026-02-19 06:12:57,686] INFO: Time: 0.174; Command: 0.00; Output: 0.00
[2026-02-19 06:12:57,687] INFO: Time: 0.175; Command: 0.00; Output: 0.00
[2026-02-19 06:12:57,688] INFO: Time: 0.176; Command: 0.00; Output: 0.00
[2026-02-19 06:12:57,689] INFO: Time: 0.177; Command: 0.00; Output: 0.00
[2026-02-19 06:12:57,690] INFO: Time: 0.178; Command: 0.00; Output: 0.00
[2026-02-19 06:12:57,691] INFO: Time: 0.179; Command: 0.00; Output: 0.00
[2026-02-19 06:12:57,692] INFO: Time: 0.180; Command: 0.00; Output: 0.00
[2026-02-19 06:12:57,693] INFO: Time: 0.181; Command: 0.00; Output: 0.00
[2026-02-19 06:12:57,694] INFO: Time: 0.182; Command: 0.00; Output: 0.00
[2026-02-19 06:12:57,696] INFO: Time: 0.183; Command: 0.00; Output: 0.00
[2026-02-19 06:12:57,697] INFO: Time: 0.184; Command: 0.00; Output: 0.00
[2026-02-19 06:12:57,698] INFO: Time: 0.185; Command: 0.00; Output: 0.00
[2026-02-19 06:12:57,699] INFO: Time: 0.186; Command: 0.00; Output: 0.00
[2026-02-19 06:12:57,700] INFO: Time: 0.187; Command: 0.00; Output: 0.00
[2026-02-19 06:12:57,701] INFO: Time: 0.189; Command: 0.00; Output: 0.00
[2026-02-19 06:12:57,702] INFO: Time: 0.190; Command: 0.00; Output: 0.00
[2026-02-19 06:12:57,703] INFO: Time: 0.191; Command: 0.00; Output: 0.00
[2026-02-19 06:12:57,704] INFO: Time: 0.192; Command: 0.00; Output: 0.00
[2026-02-19 06:12:57,705] INFO: Time: 0.193; Command: 0.00; Output: 0.00
[2026-02-19 06:12:57,706] INFO: Time: 0.194; Command: 0.00; Output: 0.00
[2026-02-19 06:12:57,707] INFO: Time: 0.195; Command: 0.00; Output: 0.00
[2026-02-19 06:12:57,708] INFO: Time: 0.196; Command: 0.00; Output: 0.00
[2026-02-19 06:12:57,709] INFO: Time: 0.197; Command: 0.00; Output: 0.00
[2026-02-19 06:12:57,710] INFO: Time: 0.198; Command: 0.00; Output: 0.00
[2026-02-19 06:12:57,711] INFO: Time: 0.199; Command: 0.00; Output: 0.00
[2026-02-19 06:12:57,712] INFO: Time: 0.200; Command: 0.00; Output: 0.00
[2026-02-19 06:12:57,714] INFO: Time: 0.201; Command: 0.00; Output: 0.00
[2026-02-19 06:12:57,715] INFO: Time: 0.202; Command: 0.00; Output: 0.00
[2026-02-19 06:12:57,716] INFO: Time: 0.203; Command: 0.00; Output: 0.00
[2026-02-19 06:12:57,717] INFO: Time: 0.204; Command: 0.00; Output: 0.00
[2026-02-19 06:12:57,718] INFO: Time: 0.205; Command: 0.00; Output: 0.00
[2026-02-19 06:12:57,719] INFO: Time: 0.207; Command: 0.00; Output: 0.00
[2026-02-19 06:12:57,720] INFO: Time: 0.208; Command: 0.00; Output: 0.00
[2026-02-19 06:12:57,721] INFO: Time: 0.209; Command: 0.00; Output: 0.00
[2026-02-19 06:12:57,722] INFO: Time: 0.210; Command: 0.00; Output: 0.00
[2026-02-19 06:12:57,723] INFO: Time: 0.211; Command: 0.00; Output: 0.00
[2026-02-19 06:12:57,724] INFO: Time: 0.212; Command: 0.00; Output: 0.00
[2026-02-19 06:12:57,725] INFO: Time: 0.213; Command: 0.00; Output: 0.00
[2026-02-19 06:12:57,726] INFO: Time: 0.214; Command: 0.00; Output: 0.00
[2026-02-19 06:12:57,727] INFO: Time: 0.215; Command: 0.00; Output: 0.00
[2026-02-19 06:12:57,728] INFO: Time: 0.216; Command: 0.00; Output: 0.00
[2026-02-19 06:12:57,729] INFO: Time: 0.217; Command: 0.00; Output: 0.00
[2026-02-19 06:12:57,730] INFO: Time: 0.218; Command: 0.00; Output: 0.00
[2026-02-19 06:12:57,732] INFO: Time: 0.219; Command: 0.00; Output: 0.00
[2026-02-19 06:12:57,733] INFO: Time: 0.220; Command: 0.00; Output: 0.00
[2026-02-19 06:12:57,734] INFO: Time: 0.221; Command: 0.00; Output: 0.00
[2026-02-19 06:12:57,735] INFO: Time: 0.222; Command: 0.00; Output: 0.00
[2026-02-19 06:12:57,736] INFO: Time: 0.223; Command: 0.00; Output: 0.00
[2026-02-19 06:12:57,737] INFO: Time: 0.225; Command: 0.00; Output: 0.00
[2026-02-19 06:12:57,738] INFO: Time: 0.226; Command: 0.00; Output: 0.00
[2026-02-19 06:12:57,739] INFO: Time: 0.227; Command: 0.00; Output: 0.00
[2026-02-19 06:12:57,740] INFO: Time: 0.228; Command: 0.00; Output: 0.00
[2026-02-19 06:12:57,741] INFO: Time: 0.229; Command: 0.00; Output: 0.00
[2026-02-19 06:12:57,742] INFO: Time: 0.230; Command: 0.00; Output: 0.00
[2026-02-19 06:12:57,743] INFO: Time: 0.231; Command: 0.00; Output: 0.00
[2026-02-19 06:12:57,744] INFO: Time: 0.232; Command: 0.00; Output: 0.00
[2026-02-19 06:12:57,745] INFO: Time: 0.233; Command: 0.00; Output: 0.00
[2026-02-19 06:12:57,746] INFO: Time: 0.234; Command: 0.00; Output: 0.00
[2026-02-19 06:12:57,747] INFO: Time: 0.235; Command: 0.00; Output: 0.00
[2026-02-19 06:12:57,748] INFO: Time: 0.236; Command: 0.00; Output: 0.00
[2026-02-19 06:12:57,750] INFO: Time: 0.237; Command: 0.00; Output: 0.00
[2026-02-19 06:12:57,751] INFO: Time: 0.238; Command: 0.00; Output: 0.00
[2026-02-19 06:12:57,752] INFO: Time: 0.239; Command: 0.00; Output: 0.00
[2026-02-19 06:12:57,753] INFO: Time: 0.240; Command: 0.00; Output: 0.00
[2026-02-19 06:12:57,754] INFO: Time: 0.241; Command: 0.00; Output: 0.00
[2026-02-19 06:12:57,755] INFO: Time: 0.243; Command: 0.00; Output: 0.00
[2026-02-19 06:12:57,756] INFO: Time: 0.244; Command: 0.00; Output: 0.00
[2026-02-19 06:12:57,757] INFO: Time: 0.245; Command: 0.00; Output: 0.00
[2026-02-19 06:12:57,758] INFO: Time: 0.246; Command: 0.00; Output: 0.00
[2026-02-19 06:12:57,759] INFO: Time: 0.247; Command: 0.00; Output: 0.00
[2026-02-19 06:12:57,760] INFO: Time: 0.248; Command: 0.00; Output: 0.00
[2026-02-19 06:12:57,761] INFO: Time: 0.249; Command: 0.00; Output: 0.00
[2026-02-19 06:12:57,762] INFO: Time: 0.250; Command: 0.00; Output: 0.00
[2026-02-19 06:12:57,763] INFO: Time: 0.251; Command: 0.00; Output: 0.00
[2026-02-19 06:12:57,764] INFO: Time: 0.252; Command: 0.00; Output: 0.00
[2026-02-19 06:12:57,766] INFO: Time: 0.253; Command: 0.00; Output: 0.00
[2026-02-19 06:12:57,767] INFO: Time: 0.254; Command: 0.00; Output: 0.00
[2026-02-19 06:12:57,768] INFO: Time: 0.255; Command: 0.00; Output: 0.00
[2026-02-19 06:12:57,769] INFO: Time: 0.256; Command: 0.00; Output: 0.00
[2026-02-19 06:12:57,770] INFO: Time: 0.257; Command: 0.00; Output: 0.00
[2026-02-19 06:12:57,771] INFO: Time: 0.259; Command: 0.00; Output: 0.00
[2026-02-19 06:12:57,772] INFO: Time: 0.260; Command: 0.00; Output: 0.00
[2026-02-19 06:12:57,773] INFO: Time: 0.261; Command: 0.00; Output: 0.00
[2026-02-19 06:12:57,774] INFO: Time: 0.262; Command: 0.00; Output: 0.00
[2026-02-19 06:12:57,775] INFO: Time: 0.263; Command: 0.00; Output: 0.00
[2026-02-19 06:12:57,776] INFO: Time: 0.264; Command: 0.00; Output: 0.00
[2026-02-19 06:12:57,777] INFO: Time: 0.265; Command: 0.00; Output: 0.00
[2026-02-19 06:12:57,778] INFO: Time: 0.266; Command: 0.00; Output: 0.00
[2026-02-19 06:12:57,779] INFO: Time: 0.267; Command: 0.00; Output: 0.00
[2026-02-19 06:12:57,780] INFO: Time: 0.268; Command: 0.00; Output: 0.00
[2026-02-19 06:12:57,781] INFO: Time: 0.269; Command: 0.00; Output: 0.00
[2026-02-19 06:12:57,782] INFO: Time: 0.270; Command: 0.00; Output: 0.00
[2026-02-19 06:12:57,784] INFO: Time: 0.271; Command: 0.00; Output: 0.00
[2026-02-19 06:12:57,785] INFO: Time: 0.272; Command: 0.00; Output: 0.00
[2026-02-19 06:12:57,786] INFO: Time: 0.273; Command: 0.00; Output: 0.00
[2026-02-19 06:12:57,787] INFO: Time: 0.274; Command: 0.00; Output: 0.00
[2026-02-19 06:12:57,788] INFO: Time: 0.275; Command: 0.00; Output: 0.00
[2026-02-19 06:12:57,789] INFO: Time: 0.277; Command: 0.00; Output: 0.00
[2026-02-19 06:12:57,790] INFO: Time: 0.278; Command: 0.00; Output: 0.00
[2026-02-19 06:12:57,791] INFO: Time: 0.279; Command: 0.00; Output: 0.00
[2026-02-19 06:12:57,792] INFO: Time: 0.280; Command: 0.00; Output: 0.00
[2026-02-19 06:12:57,793] INFO: Time: 0.281; Command: 0.00; Output: 0.00
[2026-02-19 06:12:57,794] INFO: Time: 0.282; Command: 0.00; Output: 0.00
[2026-02-19 06:12:57,795] INFO: Time: 0.283; Command: 0.00; Output: 0.00
[2026-02-19 06:12:57,796] INFO: Time: 0.284; Command: 0.00; Output: 0.00
[2026-02-19 06:12:57,797] INFO: Time: 0.285; Command: 0.00; Output: 0.00
[2026-02-19 06:12:57,798] INFO: Time: 0.286; Command: 0.00; Output: 0.00
[2026-02-19 06:12:57,799] INFO: Time: 0.287; Command: 0.00; Output: 0.00
[2026-02-19 06:12:57,800] INFO: Time: 0.288; Command: 0.00; Output: 0.00
[2026-02-19 06:12:57,802] INFO: Time: 0.289; Command: 0.00; Output: 0.00
[2026-02-19 06:12:57,803] INFO: Time: 0.290; Command: 0.00; Output: 0.00
[2026-02-19 06:12:57,804] INFO: Time: 0.291; Command: 0.00; Output: 0.00
[2026-02-19 06:12:57,805] INFO: Time: 0.292; Command: 0.00; Output: 0.00
[2026-02-19 06:12:57,806] INFO: Time: 0.293; Command: 0.00; Output: 0.00
[2026-02-19 06:12:57,807] INFO: Time: 0.295; Command: 0.00; Output: 0.00
[2026-02-19 06:12:57,808] INFO: Time: 0.296; Command: 0.00; Output: 0.00
[2026-02-19 06:12:57,809] INFO: Time: 0.297; Command: 0.00; Output: 0.00
[2026-02-19 06:12:57,810] INFO: Time: 0.298; Command: 0.00; Output: 0.00
[2026-02-19 06:12:57,811] INFO: Time: 0.299; Command: 0.00; Output: 0.00
[2026-02-19 06:12:57,812] INFO: Time: 0.300; Command: 0.00; Output: 0.00
[2026-02-19 06:12:57,813] INFO: Time: 0.301; Command: 0.00; Output: 0.00
[2026-02-19 06:12:57,814] INFO: Time: 0.302; Command: 0.00; Output: 0.00
[2026-02-19 06:12:57,815] INFO: Time: 0.303; Command: 0.00; Output: 0.00
[2026-02-19 06:12:57,816] INFO: Time: 0.304; Command: 0.00; Output: 0.00
[2026-02-19 06:12:57,817] INFO: Time: 0.305; Command: 0.00; Output: 0.00
[2026-02-19 06:12:57,818] INFO: Time: 0.306; Command: 0.00; Output: 0.00
[2026-02-19 06:12:57,820] INFO: Time: 0.307; Command: 0.00; Output: 0.00
[2026-02-19 06:12:57,821] INFO: Time: 0.308; Command: 0.00; Output: 0.00
[2026-02-19 06:12:57,822] INFO: Time: 0.309; Command: 0.00; Output: 0.00
[2026-02-19 06:12:57,823] INFO: Time: 0.310; Command: 0.00; Output: 0.00
[2026-02-19 06:12:57,824] INFO: Time: 0.312; Command: 0.00; Output: 0.00
[2026-02-19 06:12:57,825] INFO: Time: 0.313; Command: 0.00; Output: 0.00
[2026-02-19 06:12:57,826] INFO: Time: 0.314; Command: 0.00; Output: 0.00
[2026-02-19 06:12:57,827] INFO: Time: 0.315; Command: 0.00; Output: 0.00
[2026-02-19 06:12:57,828] INFO: Time: 0.316; Command: 0.00; Output: 0.00
[2026-02-19 06:12:57,829] INFO: Time: 0.317; Command: 0.00; Output: 0.00
[2026-02-19 06:12:57,830] INFO: Time: 0.318; Command: 0.00; Output: 0.00
[2026-02-19 06:12:57,831] INFO: Time: 0.319; Command: 0.00; Output: 0.00
[2026-02-19 06:12:57,832] INFO: Time: 0.320; Command: 0.00; Output: 0.00
[2026-02-19 06:12:57,833] INFO: Time: 0.321; Command: 0.00; Output: 0.00
[2026-02-19 06:12:57,834] INFO: Time: 0.322; Command: 0.00; Output: 0.00
[2026-02-19 06:12:57,835] INFO: Time: 0.323; Command: 0.00; Output: 0.00
[2026-02-19 06:12:57,837] INFO: Time: 0.324; Command: 0.00; Output: 0.00
[2026-02-19 06:12:57,838] INFO: Time: 0.325; Command: 0.00; Output: 0.00
[2026-02-19 06:12:57,839] INFO: Time: 0.326; Command: 0.00; Output: 0.00
[2026-02-19 06:12:57,840] INFO: Time: 0.327; Command: 0.00; Output: 0.00
[2026-02-19 06:12:57,841] INFO: Time: 0.328; Command: 0.00; Output: 0.00
[2026-02-19 06:12:57,842] INFO: Time: 0.330; Command: 0.00; Output: 0.00
[2026-02-19 06:12:57,843] INFO: Time: 0.331; Command: 0.00; Output: 0.00
[2026-02-19 06:12:57,844] INFO: Time: 0.332; Command: 0.00; Output: 0.00
[2026-02-19 06:12:57,845] INFO: Time: 0.333; Command: 0.00; Output: 0.00
[2026-02-19 06:12:57,846] INFO: Time: 0.334; Command: 0.00; Output: 0.00
[2026-02-19 06:12:57,847] INFO: Time: 0.335; Command: 0.00; Output: 0.00
[2026-02-19 06:12:57,848] INFO: Time: 0.336; Command: 0.00; Output: 0.00
[2026-02-19 06:12:57,849] INFO: Time: 0.337; Command: 0.00; Output: 0.00
[2026-02-19 06:12:57,850] INFO: Time: 0.338; Command: 0.00; Output: 0.00
[2026-02-19 06:12:57,851] INFO: Time: 0.339; Command: 0.00; Output: 0.00
[2026-02-19 06:12:57,852] INFO: Time: 0.340; Command: 0.00; Output: 0.00
[2026-02-19 06:12:57,853] INFO: Time: 0.341; Command: 0.00; Output: 0.00
[2026-02-19 06:12:57,855] INFO: Time: 0.342; Command: 0.00; Output: 0.00
[2026-02-19 06:12:57,856] INFO: Time: 0.343; Command: 0.00; Output: 0.00
[2026-02-19 06:12:57,857] INFO: Time: 0.344; Command: 0.00; Output: 0.00
[2026-02-19 06:12:57,858] INFO: Time: 0.345; Command: 0.00; Output: 0.00
[2026-02-19 06:12:57,859] INFO: Time: 0.346; Command: 0.00; Output: 0.00
[2026-02-19 06:12:57,860] INFO: Time: 0.348; Command: 0.00; Output: 0.00
[2026-02-19 06:12:57,861] INFO: Time: 0.349; Command: 0.00; Output: 0.00
[2026-02-19 06:12:57,862] INFO: Time: 0.350; Command: 0.00; Output: 0.00
[2026-02-19 06:12:57,863] INFO: Time: 0.351; Command: 0.00; Output: 0.00
[2026-02-19 06:12:57,864] INFO: Time: 0.352; Command: 0.00; Output: 0.00
[2026-02-19 06:12:57,865] INFO: Time: 0.353; Command: 0.00; Output: 0.00
[2026-02-19 06:12:57,866] INFO: Time: 0.354; Command: 0.00; Output: 0.00
[2026-02-19 06:12:57,867] INFO: Time: 0.355; Command: 0.00; Output: 0.00
[2026-02-19 06:12:57,868] INFO: Time: 0.356; Command: 0.00; Output: 0.00
[2026-02-19 06:12:57,869] INFO: Time: 0.357; Command: 0.00; Output: 0.00
[2026-02-19 06:12:57,870] INFO: Time: 0.358; Command: 0.00; Output: 0.00
[2026-02-19 06:12:57,871] INFO: Time: 0.359; Command: 0.00; Output: 0.00
[2026-02-19 06:12:57,873] INFO: Time: 0.360; Command: 0.00; Output: 0.00
[2026-02-19 06:12:57,874] INFO: Time: 0.361; Command: 0.00; Output: 0.00
[2026-02-19 06:12:57,875] INFO: Time: 0.362; Command: 0.00; Output: 0.00
[2026-02-19 06:12:57,876] INFO: Time: 0.363; Command: 0.00; Output: 0.00
[2026-02-19 06:12:57,877] INFO: Time: 0.364; Command: 0.00; Output: 0.00
[2026-02-19 06:12:57,878] INFO: Time: 0.366; Command: 0.00; Output: 0.00
[2026-02-19 06:12:57,879] INFO: Time: 0.367; Command: 0.00; Output: 0.00
[2026-02-19 06:12:57,880] INFO: Time: 0.368; Command: 0.00; Output: 0.00
[2026-02-19 06:12:57,881] INFO: Time: 0.369; Command: 0.00; Output: 0.00
[2026-02-19 06:12:57,882] INFO: Time: 0.370; Command: 0.00; Output: 0.00
[2026-02-19 06:12:57,883] INFO: Time: 0.371; Command: 0.00; Output: 0.00
[2026-02-19 06:12:57,884] INFO: Time: 0.372; Command: 0.00; Output: 0.00
[2026-02-19 06:12:57,885] INFO: Time: 0.373; Command: 0.00; Output: 0.00
[2026-02-19 06:12:57,886] INFO: Time: 0.374; Command: 0.00; Output: 0.00
[2026-02-19 06:12:57,887] INFO: Time: 0.375; Command: 0.00; Output: 0.00
[2026-02-19 06:12:57,888] INFO: Time: 0.376; Command: 0.00; Output: 0.00
[2026-02-19 06:12:57,889] INFO: Time: 0.377; Command: 0.00; Output: 0.00
[2026-02-19 06:12:57,891] INFO: Time: 0.378; Command: 0.00; Output: 0.00
[2026-02-19 06:12:57,892] INFO: Time: 0.379; Command: 0.00; Output: 0.00
[2026-02-19 06:12:57,893] INFO: Time: 0.380; Command: 0.00; Output: 0.00
[2026-02-19 06:12:57,894] INFO: Time: 0.381; Command: 0.00; Output: 0.00
[2026-02-19 06:12:57,895] INFO: Time: 0.382; Command: 0.00; Output: 0.00
[2026-02-19 06:12:57,896] INFO: Time: 0.384; Command: 0.00; Output: 0.00
[2026-02-19 06:12:57,897] INFO: Time: 0.385; Command: 0.00; Output: 0.00
[2026-02-19 06:12:57,898] INFO: Time: 0.386; Command: 0.00; Output: 0.00
[2026-02-19 06:12:57,899] INFO: Time: 0.387; Command: 0.00; Output: 0.00
[2026-02-19 06:12:57,900] INFO: Time: 0.388; Command: 0.00; Output: 0.00
[2026-02-19 06:12:57,901] INFO: Time: 0.389; Command: 0.00; Output: 0.00
[2026-02-19 06:12:57,902] INFO: Time: 0.390; Command: 0.00; Output: 0.00
[2026-02-19 06:12:57,903] INFO: Time: 0.391; Command: 0.00; Output: 0.00
[2026-02-19 06:12:57,904] INFO: Time: 0.392; Command: 0.00; Output: 0.00
[2026-02-19 06:12:57,905] INFO: Time: 0.393; Command: 0.00; Output: 0.00
[2026-02-19 06:12:57,906] INFO: Time: 0.394; Command: 0.00; Output: 0.00
[2026-02-19 06:12:57,907] INFO: Time: 0.395; Command: 0.00; Output: 0.00
[2026-02-19 06:12:57,909] INFO: Time: 0.396; Command: 0.00; Output: 0.00
[2026-02-19 06:12:57,910] INFO: Time: 0.397; Command: 0.00; Output: 0.00
[2026-02-19 06:12:57,911] INFO: Time: 0.398; Command: 0.00; Output: 0.00
[2026-02-19 06:12:57,912] INFO: Time: 0.399; Command: 0.00; Output: 0.00
[2026-02-19 06:12:57,913] INFO: Time: 0.401; Command: 0.00; Output: 0.00
[2026-02-19 06:12:57,914] INFO: Time: 0.402; Command: 0.00; Output: 0.00
[2026-02-19 06:12:57,915] INFO: Time: 0.403; Command: 0.00; Output: 0.00
[2026-02-19 06:12:57,916] INFO: Time: 0.404; Command: 0.00; Output: 0.00
[2026-02-19 06:12:57,917] INFO: Time: 0.405; Command: 0.00; Output: 0.00
[2026-02-19 06:12:57,918] INFO: Time: 0.406; Command: 0.00; Output: 0.00
[2026-02-19 06:12:57,919] INFO: Time: 0.407; Command: 0.00; Output: 0.00
[2026-02-19 06:12:57,920] INFO: Time: 0.408; Command: 0.00; Output: 0.00
[2026-02-19 06:12:57,921] INFO: Time: 0.409; Command: 0.00; Output: 0.00
[2026-02-19 06:12:57,922] INFO: Time: 0.410; Command: 0.00; Output: 0.00
[2026-02-19 06:12:57,923] INFO: Time: 0.411; Command: 0.00; Output: 0.00
[2026-02-19 06:12:57,924] INFO: Time: 0.412; Command: 0.00; Output: 0.00
[2026-02-19 06:12:57,926] INFO: Time: 0.413; Command: 0.00; Output: 0.00
[2026-02-19 06:12:57,927] INFO: Time: 0.414; Command: 0.00; Output: 0.00
[2026-02-19 06:12:57,928] INFO: Time: 0.415; Command: 0.00; Output: 0.00
[2026-02-19 06:12:57,929] INFO: Time: 0.416; Command: 0.00; Output: 0.00
[2026-02-19 06:12:57,930] INFO: Time: 0.417; Command: 0.00; Output: 0.00
[2026-02-19 06:12:57,931] INFO: Time: 0.419; Command: 0.00; Output: 0.00
[2026-02-19 06:12:57,932] INFO: Time: 0.420; Command: 0.00; Output: 0.00
[2026-02-19 06:12:57,933] INFO: Time: 0.421; Command: 0.00; Output: 0.00
[2026-02-19 06:12:57,934] INFO: Time: 0.422; Command: 0.00; Output: 0.00
[2026-02-19 06:12:57,935] INFO: Time: 0.423; Command: 0.00; Output: 0.00
[2026-02-19 06:12:57,936] INFO: Time: 0.424; Command: 0.00; Output: 0.00
[2026-02-19 06:12:57,937] INFO: Time: 0.425; Command: 0.00; Output: 0.00
[2026-02-19 06:12:57,938] INFO: Time: 0.426; Command: 0.00; Output: 0.00
[2026-02-19 06:12:57,939] INFO: Time: 0.427; Command: 0.00; Output: 0.00
[2026-02-19 06:12:57,940] INFO: Time: 0.428; Command: 0.00; Output: 0.00
[2026-02-19 06:12:57,941] INFO: Time: 0.429; Command: 0.00; Output: 0.00
[2026-02-19 06:12:57,942] INFO: Time: 0.430; Command: 0.00; Output: 0.00
[2026-02-19 06:12:57,944] INFO: Time: 0.431; Command: 0.00; Output: 0.00
[2026-02-19 06:12:57,945] INFO: Time: 0.432; Command: 0.00; Output: 0.00
[2026-02-19 06:12:57,946] INFO: Time: 0.433; Command: 0.00; Output: 0.00
[2026-02-19 06:12:57,947] INFO: Time: 0.434; Command: 0.00; Output: 0.00
[2026-02-19 06:12:57,948] INFO: Time: 0.435; Command: 0.00; Output: 0.00
[2026-02-19 06:12:57,949] INFO: Time: 0.437; Command: 0.00; Output: 0.00
[2026-02-19 06:12:57,950] INFO: Time: 0.438; Command: 0.00; Output: 0.00
[2026-02-19 06:12:57,951] INFO: Time: 0.439; Command: 0.00; Output: 0.00
[2026-02-19 06:12:57,952] INFO: Time: 0.440; Command: 0.00; Output: 0.00
[2026-02-19 06:12:57,953] INFO: Time: 0.441; Command: 0.00; Output: 0.00
[2026-02-19 06:12:57,954] INFO: Time: 0.442; Command: 0.00; Output: 0.00
[2026-02-19 06:12:57,955] INFO: Time: 0.443; Command: 0.00; Output: 0.00
[2026-02-19 06:12:57,956] INFO: Time: 0.444; Command: 0.00; Output: 0.00
[2026-02-19 06:12:57,957] INFO: Time: 0.445; Command: 0.00; Output: 0.00
[2026-02-19 06:12:57,958] INFO: Time: 0.446; Command: 0.00; Output: 0.00
[2026-02-19 06:12:57,959] INFO: Time: 0.447; Command: 0.00; Output: 0.00
[2026-02-19 06:12:57,960] INFO: Time: 0.448; Command: 0.00; Output: 0.00
[2026-02-19 06:12:57,962] INFO: Time: 0.449; Command: 0.00; Output: 0.00
[2026-02-19 06:12:57,963] INFO: Time: 0.450; Command: 0.00; Output: 0.00
[2026-02-19 06:12:57,964] INFO: Time: 0.451; Command: 0.00; Output: 0.00
[2026-02-19 06:12:57,965] INFO: Time: 0.452; Command: 0.00; Output: 0.00
[2026-02-19 06:12:57,966] INFO: Time: 0.453; Command: 0.00; Output: 0.00
[2026-02-19 06:12:57,967] INFO: Time: 0.455; Command: 0.00; Output: 0.00
[2026-02-19 06:12:57,968] INFO: Time: 0.456; Command: 0.00; Output: 0.00
[2026-02-19 06:12:57,969] INFO: Time: 0.457; Command: 0.00; Output: 0.00
[2026-02-19 06:12:57,970] INFO: Time: 0.458; Command: 0.00; Output: 0.00
[2026-02-19 06:12:57,971] INFO: Time: 0.459; Command: 0.00; Output: 0.00
[2026-02-19 06:12:57,972] INFO: Time: 0.460; Command: 0.00; Output: 0.00
[2026-02-19 06:12:57,973] INFO: Time: 0.461; Command: 0.00; Output: 0.00
[2026-02-19 06:12:57,974] INFO: Time: 0.462; Command: 0.00; Output: 0.00
[2026-02-19 06:12:57,975] INFO: Time: 0.463; Command: 0.00; Output: 0.00
[2026-02-19 06:12:57,976] INFO: Time: 0.464; Command: 0.00; Output: 0.00
[2026-02-19 06:12:57,977] INFO: Time: 0.465; Command: 0.00; Output: 0.00
[2026-02-19 06:12:57,978] INFO: Time: 0.466; Command: 0.00; Output: 0.00
[2026-02-19 06:12:57,980] INFO: Time: 0.467; Command: 0.00; Output: 0.00
[2026-02-19 06:12:57,981] INFO: Time: 0.468; Command: 0.00; Output: 0.00
[2026-02-19 06:12:57,982] INFO: Time: 0.469; Command: 0.00; Output: 0.00
[2026-02-19 06:12:57,983] INFO: Time: 0.470; Command: 0.00; Output: 0.00
[2026-02-19 06:12:57,984] INFO: Time: 0.471; Command: 0.00; Output: 0.00
[2026-02-19 06:12:57,985] INFO: Time: 0.473; Command: 0.00; Output: 0.00
[2026-02-19 06:12:57,986] INFO: Time: 0.474; Command: 0.00; Output: 0.00
[2026-02-19 06:12:57,987] INFO: Time: 0.475; Command: 0.00; Output: 0.00
[2026-02-19 06:12:57,988] INFO: Time: 0.476; Command: 0.00; Output: 0.00
[2026-02-19 06:12:57,989] INFO: Time: 0.477; Command: 0.00; Output: 0.00
[2026-02-19 06:12:57,990] INFO: Time: 0.478; Command: 0.00; Output: 0.00
[2026-02-19 06:12:57,991] INFO: Time: 0.479; Command: 0.00; Output: 0.00
[2026-02-19 06:12:57,992] INFO: Time: 0.480; Command: 0.00; Output: 0.00
[2026-02-19 06:12:57,993] INFO: Time: 0.481; Command: 0.00; Output: 0.00
[2026-02-19 06:12:57,994] INFO: Time: 0.482; Command: 0.00; Output: 0.00
[2026-02-19 06:12:57,995] INFO: Time: 0.483; Command: 0.00; Output: 0.00
[2026-02-19 06:12:57,996] INFO: Time: 0.484; Command: 0.00; Output: 0.00
[2026-02-19 06:12:57,997] INFO: Time: 0.485; Command: 0.00; Output: 0.00
[2026-02-19 06:12:57,999] INFO: Time: 0.486; Command: 0.00; Output: 0.00
[2026-02-19 06:12:58,000] INFO: Time: 0.487; Command: 0.00; Output: 0.00
[2026-02-19 06:12:58,001] INFO: Time: 0.488; Command: 0.00; Output: 0.00
[2026-02-19 06:12:58,002] INFO: Time: 0.489; Command: 0.00; Output: 0.00
[2026-02-19 06:12:58,003] INFO: Time: 0.491; Command: 0.00; Output: 0.00
[2026-02-19 06:12:58,004] INFO: Time: 0.492; Command: 0.00; Output: 0.00
[2026-02-19 06:12:58,005] INFO: Time: 0.493; Command: 0.00; Output: 0.00
[2026-02-19 06:12:58,006] INFO: Time: 0.494; Command: 0.00; Output: 0.00
[2026-02-19 06:12:58,007] INFO: Time: 0.495; Command: 0.00; Output: 0.00
[2026-02-19 06:12:58,008] INFO: Time: 0.496; Command: 0.00; Output: 0.00
[2026-02-19 06:12:58,009] INFO: Time: 0.497; Command: 0.00; Output: 0.00
[2026-02-19 06:12:58,010] INFO: Time: 0.498; Command: 0.00; Output: 0.00
[2026-02-19 06:12:58,011] INFO: Time: 0.499; Command: 0.00; Output: 0.00
[2026-02-19 06:12:58,012] INFO: Time: 0.500; Command: 0.00; Output: 0.00
[2026-02-19 06:12:58,013] INFO: Time: 0.501; Command: 0.00; Output: 0.00
[2026-02-19 06:12:58,014] INFO: Time: 0.502; Command: 0.00; Output: 0.00
[2026-02-19 06:12:58,016] INFO: Time: 0.503; Command: 0.00; Output: 0.00
[2026-02-19 06:12:58,017] INFO: Time: 0.504; Command: 0.00; Output: 0.00
[2026-02-19 06:12:58,018] INFO: Time: 0.505; Command: 0.00; Output: 0.00
[2026-02-19 06:12:58,019] INFO: Time: 0.506; Command: 0.00; Output: 0.00
[2026-02-19 06:12:58,020] INFO: Time: 0.507; Command: 0.00; Output: 0.00
[2026-02-19 06:12:58,021] INFO: Time: 0.509; Command: 0.00; Output: 0.00
[2026-02-19 06:12:58,022] INFO: Time: 0.510; Command: 0.00; Output: 0.00
[2026-02-19 06:12:58,023] INFO: Time: 0.511; Command: 0.00; Output: 0.00
[2026-02-19 06:12:58,024] INFO: Time: 0.512; Command: 0.00; Output: 0.00
[2026-02-19 06:12:58,025] INFO: Time: 0.513; Command: 0.00; Output: 0.00
[2026-02-19 06:12:58,026] INFO: Time: 0.514; Command: 0.00; Output: 0.00
[2026-02-19 06:12:58,027] INFO: Time: 0.515; Command: 0.00; Output: 0.00
[2026-02-19 06:12:58,028] INFO: Time: 0.516; Command: 0.00; Output: 0.00
[2026-02-19 06:12:58,029] INFO: Time: 0.517; Command: 0.00; Output: 0.00
[2026-02-19 06:12:58,030] INFO: Time: 0.518; Command: 0.00; Output: 0.00
[2026-02-19 06:12:58,031] INFO: Time: 0.519; Command: 0.00; Output: 0.00
[2026-02-19 06:12:58,032] INFO: Time: 0.520; Command: 0.00; Output: 0.00
[2026-02-19 06:12:58,034] INFO: Time: 0.521; Command: 0.00; Output: 0.00
[2026-02-19 06:12:58,035] INFO: Time: 0.522; Command: 0.00; Output: 0.00
[2026-02-19 06:12:58,036] INFO: Time: 0.523; Command: 0.00; Output: 0.00
[2026-02-19 06:12:58,037] INFO: Time: 0.524; Command: 0.00; Output: 0.00
[2026-02-19 06:12:58,038] INFO: Time: 0.525; Command: 0.00; Output: 0.00
[2026-02-19 06:12:58,039] INFO: Time: 0.527; Command: 0.00; Output: 0.00
[2026-02-19 06:12:58,040] DEBUG: [DephyActuator]  Exiting Position control mode.
